// Jest Snapshot v1, https://goo.gl/fbAQLP

exports[`matches snapshot: editing 1`] = `
<div class="storage-extra storage-extra--editing">
  <input-field-stub value="10" type="text" theme="dark"></input-field-stub>
  <negative-button-stub size="small">
    Cancel
  </negative-button-stub>
  <positive-button-stub size="small">
    Save
  </positive-button-stub>
</div>
`;

exports[`matches snapshot: normal 1`] = `
<div class="storage-extra">
  <div class="storage-extra__value">
    10
  </div>
  <secondary-button-stub size="small">
    Change
  </secondary-button-stub>
</div>
`;
