// Jest Snapshot v1, https://goo.gl/fbAQLP

exports[`should match snapshot 1`] = `
<popover-stub inputvalue="" placeholder="Search annotators">
  <div class="popover-assign">
    <list-element-v2-stub text="a a"></list-element-v2-stub>
    <list-element-v2-stub text="b b"></list-element-v2-stub>
    <list-element-v2-stub text="c c"></list-element-v2-stub>
    <list-element-v2-stub text="d d"></list-element-v2-stub>
  </div>
</popover-stub>
`;
