// Jest Snapshot v1, https://goo.gl/fbAQLP

exports[`matches snapshot 1`] = `<v-select-stub autoscroll="true" value="value" components="[object Object]" options="value,value 1,value 2,value 3" clearable="true" searchable="true" placeholder="" transition="vs__fade" clearsearchonselect="true" closeonselect="true" label="label" autocomplete="off" reduce="[Function]" selectable="[Function]" getoptionlabel="[Function]" getoptionkey="[Function]" ontab="[Function]" filterable="true" filterby="[Function]" filter="[Function]" createoption="[Function]" clearsearchonblur="[Function]" dir="auto" selectonkeycodes="13" searchinputqueryselector="[type=search]" mapkeydown="[Function]" calculateposition="[Function]" dropdownshouldopen="[Function]" uid="1"><span class="select-field__label"></span><input class="vs__search"></v-select-stub>`;

exports[`matches snapshot with label 1`] = `<v-select-stub autoscroll="true" value="value" components="[object Object]" options="value,value 1,value 2,value 3" clearable="true" searchable="true" placeholder="" transition="vs__fade" clearsearchonselect="true" closeonselect="true" label="label" autocomplete="off" reduce="[Function]" selectable="[Function]" getoptionlabel="[Function]" getoptionkey="[Function]" ontab="[Function]" filterable="true" filterby="[Function]" filter="[Function]" createoption="[Function]" clearsearchonblur="[Function]" dir="auto" selectonkeycodes="13" searchinputqueryselector="[type=search]" mapkeydown="[Function]" calculateposition="[Function]" dropdownshouldopen="[Function]" uid="2"><span class="select-field__label">label text</span><input class="vs__search"></v-select-stub>`;
