// Jest Snapshot v1, https://goo.gl/fbAQLP

exports[`matches snapshot 1`] = `
<div class="instances">
  <h3 class="instances__header">
    Number of servers
  </h3>
  <div class="instances__selection">
    <numeric-input-stub label="Minimum" value="5" step="1" min="1" class="instances__selection__input"></numeric-input-stub>
    <numeric-input-stub label="Maximum" value="10" step="1" min="5" class="instances__selection__input"></numeric-input-stub>
  </div>
  <div class="instances__auto">
    <div class="instances__auto__start">
      <check-box-stub label="Start when Invoked" type="rect" size="default"></check-box-stub>
      <tooltip-info-stub content="
          Automatically start this Model when it receives inference requests
          while it is stopped.
        " offset="10" placement="bottom" class="instances__auto__start__info"></tooltip-info-stub>
    </div>
    <div class="instances__auto__stop">
      <check-box-stub label="Stop when Idle" type="rect" size="default"></check-box-stub>
      <tooltip-info-stub content="
          Automatically stop this Model when it does not receive
          any requests for more than 1 hour.
        " offset="10" placement="bottom" class="instances__auto__stop__info"></tooltip-info-stub>
    </div>
  </div>
  <div class="instances__description">
    Handles up to 100 images per second
  </div>
  <div class="instances__note">
    V7 will always use the minimum number of necessary instances to handle load.
  </div>
</div>
`;
