// Jest Snapshot v1, https://goo.gl/fbAQLP

exports[`matches snapshot 1`] = `
<background-stub>
  <div class="auth header">
    <logo-stub theme="dark" size="normal"></logo-stub>
  </div>
  <div class="center__content">
    <div class="password-reset">
      <teaser-stub title="Reset your Password?" image="register.png" textalign="center"></teaser-stub>
      <form class="password-reset__form">
        <div class="password-reset__form__title">
          Please choose a new password.
        </div>
        <div class="password-reset__form__input-container">
          <password-change-stub password="" passwordconfirmation="" oldpassword="" class="password-reset__change"></password-change-stub>
        </div>
        <div class="password-reset__form__input-container">
          <div class="password-reset__form__input-container__right">
            <positive-button-stub type="submit">
              Change Password
            </positive-button-stub>
          </div>
        </div>
      </form>
    </div>
  </div>
</background-stub>
`;
