// Jest Snapshot v1, https://goo.gl/fbAQLP

exports[`when running session matches snapshot 1`] = `
<div class="api-key-management">
  <access-instructions-stub title="Use this deployed model" snippets="[object Object],[object Object],[object Object],[object Object],[object Object]" class="api-key-management__section"></access-instructions-stub>
  <h4 class="api-key-management__subheader">
    Using API keys
  </h4>
  <div class="api-key-management__section api-key-management__list">
    <key-list-item-stub apikey="[object Object]" class="api-key-management__list__item">
      <revoke-key-button-stub apikey="[object Object]" model="[object Object]"></revoke-key-button-stub>
    </key-list-item-stub>
    <key-list-item-stub apikey="[object Object]" class="api-key-management__list__item">
      <revoke-key-button-stub apikey="[object Object]" model="[object Object]"></revoke-key-button-stub>
    </key-list-item-stub>
  </div>
  <div class="api-key-management__actions">
    <div class="api-key-management__actions__left">
      <positive-button-stub class="api-key-management__new-key">
        NEW KEY
      </positive-button-stub>
      <key-dropdown-stub apikeys="[object Object]"></key-dropdown-stub>
    </div>
  </div>
  <modal-stub name="createApiKey" delay="0" overlaytransition="overlay-fade" transition="pop-out" classes="v--modal" minwidth="0" minheight="0" maxwidth="9007199254740991" maxheight="9007199254740991" width="40%" height="auto" pivotx="0.5" pivoty="0.5">
    <create-key-stub model="[object Object]"></create-key-stub>
  </modal-stub>
</div>
`;

exports[`when trained model matches snapshot 1`] = `
<div class="api-key-management">
  <access-instructions-stub title="Use this deployed model" snippets="[object Object],[object Object],[object Object],[object Object],[object Object]" class="api-key-management__section"></access-instructions-stub>
  <h4 class="api-key-management__subheader">
    Using API keys
  </h4>
  <div class="api-key-management__section api-key-management__list">
    <key-list-item-stub apikey="[object Object]" class="api-key-management__list__item">
      <revoke-key-button-stub apikey="[object Object]" model="[object Object]"></revoke-key-button-stub>
    </key-list-item-stub>
    <key-list-item-stub apikey="[object Object]" class="api-key-management__list__item">
      <revoke-key-button-stub apikey="[object Object]" model="[object Object]"></revoke-key-button-stub>
    </key-list-item-stub>
  </div>
  <div class="api-key-management__actions">
    <div class="api-key-management__actions__left">
      <positive-button-stub class="api-key-management__new-key">
        NEW KEY
      </positive-button-stub>
      <key-dropdown-stub apikeys="[object Object]"></key-dropdown-stub>
    </div>
  </div>
  <modal-stub name="createApiKey" delay="0" overlaytransition="overlay-fade" transition="pop-out" classes="v--modal" minwidth="0" minheight="0" maxwidth="9007199254740991" maxheight="9007199254740991" width="40%" height="auto" pivotx="0.5" pivoty="0.5">
    <create-key-stub model="[object Object]"></create-key-stub>
  </modal-stub>
</div>
`;
