// Jest Snapshot v1, https://goo.gl/fbAQLP

exports[`matches the snapshot 1`] = `
<div class="vue-slider" eventtype="auto" width="100%" height="5" dotsize="20" min="0" max="100" interval="1" show="true" speed="1" tooltip="none" tooltipplacement="top" railstyle="[object Object]" dotstyle="[object Object]" processstyle="[object Object]" tooltipstyle="[object Object]" value="1,100">
  <div class="slider__dot slider__dot--focus">
    <knob-icon-stub class="slider__dot__knob"></knob-icon-stub>
  </div>
</div>
`;
